---
source: webql/src/jfilter.rs
expression: "is_match_string(\"equal-value\", &filter)"
---
false
