---
source: webql/src/jfilter.rs
expression: "is_match_string(\"exists-value\", &filter)"
---
true
